
    AU Validation Tool
    Version: 1.10.0 
    Copyright 2003-2019, Apple Inc. All Rights Reserved.
    Specify -h (-help) for command options

--------------------------------------------------
VALIDATING AUDIO UNIT: 'aufx' - 'SdCh' - 'Musc'
--------------------------------------------------
Manufacturer String: Music-Prod
AudioUnit Name: SideChain
Component Version: 0.4.0 (0x400)

* * PASS
--------------------------------------------------
TESTING OPEN TIMES:
COLD:
Time to open AudioUnit:         23.159 ms
WARM:
Time to open AudioUnit:         0.935  ms
This AudioUnit is a version 2 implementation.
FIRST TIME:
Time for initialization:        0.009 ms

* * PASS
--------------------------------------------------
VERIFYING DEFAULT SCOPE FORMATS:
Input Scope Bus Configuration:
 Default Bus Count:1
    Bus Name: Input
    Default Format: AudioStreamBasicDescription:  2 ch,  44100 Hz, Float32, deinterleaved
    Has Channel Layouts: 0x650002 0x660002 0x670002 0x6A0002 
    Default Layout:
	Tag=0x650002, Num Chan Descs=0

Output Scope Bus Configuration:
 Default Bus Count:1
    Bus Name: Output
    Default Format: AudioStreamBasicDescription:  2 ch,  44100 Hz, Float32, deinterleaved
    Has Channel Layouts: 0x650002 0x660002 0x670002 0x6A0002 
    Default Layout:
	Tag=0x650002, Num Chan Descs=0

* * PASS
--------------------------------------------------
VERIFYING REQUIRED PROPERTIES:

* * PASS
--------------------------------------------------
VERIFYING RECOMMENDED PROPERTIES:
  VERIFYING PROPERTY: Latency
    PASS
  VERIFYING PROPERTY: Tail Time
    PASS
  VERIFYING PROPERTY: Bypass Effect
    PASS

* * PASS
--------------------------------------------------
VERIFYING OPTIONAL PROPERTIES:

* * PASS
--------------------------------------------------
VERIFYING SPECIAL PROPERTIES:

VERIFYING CUSTOM UI
Cocoa Views Available: 1
  JUCE_AUCocoaViewClass_3570bfb7cc19cb94
    PASS

HAS FACTORY PRESETS
    ID:   0    Name: Default

VERIFYING CLASS INFO
    PASS

TESTING HOST CALLBACKS
    PASS

* * PASS
--------------------------------------------------
PUBLISHED PARAMETER INFO:

# # # 4 Global Scope Parameters:
Parameter ID:23753922
Name: Amount
Parameter Type: Generic
Values: Minimum = 0.0, Default = 50.0, Maximum = 100.0
Flags: Values Have Strings, High Resolution, Can Ramp, Readable, Writable 
  -parameter PASS

Parameter ID:417827069
Name: Offset
Parameter Type: Generic
Values: Minimum = -30, Default = 0, Maximum = 30
Flags: Values Have Strings, High Resolution, Can Ramp, Readable, Writable 
  -parameter PASS

Parameter ID:1090594823
Name: Shape
Parameter Type: Generic
Values: Minimum = 50.0000000, Default = 150.0000153, Maximum = 1000.0000000
Flags: Values Have Strings, High Resolution, Can Ramp, Readable, Writable 
WARNING: retrievedValue = 0.429382 (was 0.429382), Parameter did not retain default value when set
  -parameter PASS

Parameter ID:2142843135
Name: Duck Length
Parameter Type: Generic
Values: Minimum = 50.0000000, Default = 250.0000153, Maximum = 1000.0000000
Flags: Values Have Strings, High Resolution, Can Ramp, Readable, Writable 
  -parameter PASS

Testing that parameters retain value across reset and initialization
  PASS

* * PASS
--------------------------------------------------
FORMAT TESTS:

Reported Channel Capabilities (explicit):
      [2, 2]  

Input/Output Channel Handling:
1-1   1-2   1-4   1-5   1-6   1-7   1-8   2-2   2-4   2-5   2-6   2-7   2-8   4-4   4-5   5-5   6-6   7-7   8-8
                                          X                                                                       

# # AudioChannelLayouts (4), Input Scope:
ChannelLayout is Writable: T
The Unit publishes the following Channel Layouts:
  0x650002, 0x660002, 0x670002, 0x6A0002, 

Is Audio Channel Layout Available:
Mono    Stereo  Binau.  AU_4    Ambi.   AU_5    AU_5_0  AU_6    AU_6_0  AU_7_0  AU_7_0F AU_8    AU_5_1  AU_6_1  AU_7_1  AU_7_1F 
        X       X                                                                                                               

Current Format:AudioStreamBasicDescription:  2 ch,  44100 Hz, Float32, deinterleaved
Current Format Tag = 0x650002, New Format Tag = 0x650002, Successsful

Current Format:AudioStreamBasicDescription:  2 ch,  44100 Hz, Float32, deinterleaved
Current Format Tag = 0x650002, New Format Tag = 0x6A0002, Successsful

# # AudioChannelLayouts (4), Output Scope:
ChannelLayout is Writable: T
The Unit publishes the following Channel Layouts:
  0x650002, 0x660002, 0x670002, 0x6A0002, 

Is Audio Channel Layout Available:
Mono    Stereo  Binau.  AU_4    Ambi.   AU_5    AU_5_0  AU_6    AU_6_0  AU_7_0  AU_7_0F AU_8    AU_5_1  AU_6_1  AU_7_1  AU_7_1F 
        X       X                                                                                                               

Current Format:AudioStreamBasicDescription:  2 ch,  44100 Hz, Float32, deinterleaved
Current Format Tag = 0x650002, New Format Tag = 0x650002, Successsful

Current Format:AudioStreamBasicDescription:  2 ch,  44100 Hz, Float32, deinterleaved
Current Format Tag = 0x650002, New Format Tag = 0x6A0002, Successsful

* * PASS
--------------------------------------------------
RENDER TESTS:

Input Format: AudioStreamBasicDescription:  2 ch,  44100 Hz, Float32, deinterleaved
Output Format: AudioStreamBasicDescription:  2 ch,  44100 Hz, Float32, deinterleaved
Render Test at 512 frames
Slicing Render Test at 64 frames
  PASS


Render Test at 64 frames, sample rate: 22050 Hz
Render Test at 137 frames, sample rate: 96000 Hz
Render Test at 4096 frames, sample rate: 48000 Hz
Render Test at 4096 frames, sample rate: 192000 Hz
Render Test at 4096 frames, sample rate: 11025 Hz
Render Test at 512 frames, sample rate: 44100 Hz
  PASS

Checking connection semantics:
Connection format:
AudioStreamBasicDescription:  2 ch,  44100 Hz, Float32, deinterleaved
  PASS

Bad Max Frames - Render should fail
  PASS

Checking parameter setting
Using AudioUnitSetParameter
Using AudioUnitScheduleParameter
  PASS

Checking ramped parameter scheduling
  PASS

Test MIDI
  PASS

* * PASS
--------------------------------------------------
AU VALIDATION SUCCEEDED.
--------------------------------------------------
