Command line invocation:
    /Applications/Xcode.app/Contents/Developer/usr/bin/xcodebuild -project Builds/MacOSX/SideChain.xcodeproj -scheme "SideChain - AU" -configuration Release -destination generic/platform=macOS -derivedDataPath /Users/martin/Documents/SideChain/SideChain/Builds/MacOSX/build/release-assets/SideChainer-0.4.1-macOS-PRODUCTION-CANDIDATE-20261005/DerivedData-AU ONLY_ACTIVE_ARCH=NO CONFIGURATION_BUILD_DIR=/Users/martin/Documents/SideChain/SideChain/Builds/MacOSX/build/release-assets/SideChainer-0.4.1-macOS-PRODUCTION-CANDIDATE-20261005/BuiltProducts/AURelease CODE_SIGNING_ALLOWED=NO build

Build settings from command line:
    CODE_SIGNING_ALLOWED = NO
    CONFIGURATION_BUILD_DIR = /Users/martin/Documents/SideChain/SideChain/Builds/MacOSX/build/release-assets/SideChainer-0.4.1-macOS-PRODUCTION-CANDIDATE-20261005/BuiltProducts/AURelease
    ONLY_ACTIVE_ARCH = NO

2026-10-05 12:46:33.234 xcodebuild[45209:6343744] [MT] IDERunDestination: Supported platforms for the buildables in the current scheme is empty.
ComputePackagePrebuildTargetDependencyGraph

Prepare packages

CreateBuildRequest

SendProjectDescription

CreateBuildOperation

ComputeTargetDependencyGraph
note: Building targets in dependency order
note: Target dependency graph (2 targets)
    Target 'SideChain - AU' in project 'SideChain'
        ➜ Explicit dependency on target 'SideChain - Shared Code' in project 'SideChain'
    Target 'SideChain - Shared Code' in project 'SideChain' (no dependencies)

GatherProvisioningInputs

CreateBuildDescription

ExecuteExternalTool /Applications/Xcode.app/Contents/Developer/Toolchains/XcodeDefault.xctoolchain/usr/bin/clang -v -E -dM -isysroot /Applications/Xcode.app/Contents/Developer/Platforms/MacOSX.platform/Developer/SDKs/MacOSX26.2.sdk -x c -c /dev/null

ExecuteExternalTool /Applications/Xcode.app/Contents/Developer/Toolchains/XcodeDefault.xctoolchain/usr/bin/clang -v -E -dM -arch arm64 -isysroot /Applications/Xcode.app/Contents/Developer/Platforms/MacOSX.platform/Developer/SDKs/MacOSX26.2.sdk -x objective-c++ -c /dev/null

ExecuteExternalTool /Applications/Xcode.app/Contents/Developer/Toolchains/XcodeDefault.xctoolchain/usr/bin/clang -v -E -dM -arch arm64 -isysroot /Applications/Xcode.app/Contents/Developer/Platforms/MacOSX.platform/Developer/SDKs/MacOSX26.2.sdk -x c++ -c /dev/null

ExecuteExternalTool /Applications/Xcode.app/Contents/Developer/Toolchains/XcodeDefault.xctoolchain/usr/bin/clang -v -E -dM -arch arm64 -isysroot /Applications/Xcode.app/Contents/Developer/Platforms/MacOSX.platform/Developer/SDKs/MacOSX26.2.sdk -x c -c /dev/null

ExecuteExternalTool /Applications/Xcode.app/Contents/Developer/Toolchains/XcodeDefault.xctoolchain/usr/bin/ld -version_details

ExecuteExternalTool /Applications/Xcode.app/Contents/Developer/Toolchains/XcodeDefault.xctoolchain/usr/bin/libtool -V

ExecuteExternalTool /Applications/Xcode.app/Contents/Developer/Toolchains/XcodeDefault.xctoolchain/usr/bin/clang -v -E -dM -arch x86_64 -isysroot /Applications/Xcode.app/Contents/Developer/Platforms/MacOSX.platform/Developer/SDKs/MacOSX26.2.sdk -x c++ -c /dev/null

ExecuteExternalTool /Applications/Xcode.app/Contents/Developer/Toolchains/XcodeDefault.xctoolchain/usr/bin/clang -v -E -dM -arch x86_64 -isysroot /Applications/Xcode.app/Contents/Developer/Platforms/MacOSX.platform/Developer/SDKs/MacOSX26.2.sdk -x c -c /dev/null

ExecuteExternalTool /Applications/Xcode.app/Contents/Developer/Toolchains/XcodeDefault.xctoolchain/usr/bin/clang -v -E -dM -arch x86_64 -isysroot /Applications/Xcode.app/Contents/Developer/Platforms/MacOSX.platform/Developer/SDKs/MacOSX26.2.sdk -x objective-c++ -c /dev/null

Build description signature: 721be8931788bb0f1bf6eef1f2fb234d
Build description path: /Users/martin/Documents/SideChain/SideChain/Builds/MacOSX/build/release-assets/SideChainer-0.4.1-macOS-PRODUCTION-CANDIDATE-20261005/DerivedData-AU/Build/Intermediates.noindex/XCBuildData/721be8931788bb0f1bf6eef1f2fb234d.xcbuilddata
ClangStatCache /Applications/Xcode.app/Contents/Developer/Toolchains/XcodeDefault.xctoolchain/usr/bin/clang-stat-cache /Applications/Xcode.app/Contents/Developer/Platforms/MacOSX.platform/Developer/SDKs/MacOSX26.2.sdk /Users/martin/Documents/SideChain/SideChain/Builds/MacOSX/build/release-assets/SideChainer-0.4.1-macOS-PRODUCTION-CANDIDATE-20261005/DerivedData-AU/SDKStatCaches.noindex/macosx26.2-25C58-00fa09913b459cbbc988d1f6730289ae.sdkstatcache
    cd /Users/martin/Documents/SideChain/SideChain/Builds/MacOSX/SideChain.xcodeproj
    /Applications/Xcode.app/Contents/Developer/Toolchains/XcodeDefault.xctoolchain/usr/bin/clang-stat-cache /Applications/Xcode.app/Contents/Developer/Platforms/MacOSX.platform/Developer/SDKs/MacOSX26.2.sdk -o /Users/martin/Documents/SideChain/SideChain/Builds/MacOSX/build/release-assets/SideChainer-0.4.1-macOS-PRODUCTION-CANDIDATE-20261005/DerivedData-AU/SDKStatCaches.noindex/macosx26.2-25C58-00fa09913b459cbbc988d1f6730289ae.sdkstatcache

warning: Build Carbon Resources build phases are no longer supported.  Rez source files should be moved to the Copy Bundle Resources build phase. (in target 'SideChain - AU' from project 'SideChain')
CreateUniversalBinary /Users/martin/Documents/SideChain/SideChain/Builds/MacOSX/build/release-assets/SideChainer-0.4.1-macOS-PRODUCTION-CANDIDATE-20261005/BuiltProducts/AURelease/SideChain.component/Contents/MacOS/SideChain normal arm64\ x86_64 (in target 'SideChain - AU' from project 'SideChain')
    cd /Users/martin/Documents/SideChain/SideChain/Builds/MacOSX
    /Applications/Xcode.app/Contents/Developer/Toolchains/XcodeDefault.xctoolchain/usr/bin/lipo -create /Users/martin/Documents/SideChain/SideChain/Builds/MacOSX/build/release-assets/SideChainer-0.4.1-macOS-PRODUCTION-CANDIDATE-20261005/DerivedData-AU/Build/Intermediates.noindex/SideChain.build/Release/SideChain\ -\ AU.build/Objects-normal/arm64/Binary/SideChain /Users/martin/Documents/SideChain/SideChain/Builds/MacOSX/build/release-assets/SideChainer-0.4.1-macOS-PRODUCTION-CANDIDATE-20261005/DerivedData-AU/Build/Intermediates.noindex/SideChain.build/Release/SideChain\ -\ AU.build/Objects-normal/x86_64/Binary/SideChain -output /Users/martin/Documents/SideChain/SideChain/Builds/MacOSX/build/release-assets/SideChainer-0.4.1-macOS-PRODUCTION-CANDIDATE-20261005/BuiltProducts/AURelease/SideChain.component/Contents/MacOS/SideChain

ProcessInfoPlistFile /Users/martin/Documents/SideChain/SideChain/Builds/MacOSX/build/release-assets/SideChainer-0.4.1-macOS-PRODUCTION-CANDIDATE-20261005/BuiltProducts/AURelease/SideChain.component/Contents/Info.plist /Users/martin/Documents/SideChain/SideChain/Builds/MacOSX/Info-AU.plist (in target 'SideChain - AU' from project 'SideChain')
    cd /Users/martin/Documents/SideChain/SideChain/Builds/MacOSX
    builtin-infoPlistUtility /Users/martin/Documents/SideChain/SideChain/Builds/MacOSX/Info-AU.plist -producttype com.apple.product-type.bundle -genpkginfo /Users/martin/Documents/SideChain/SideChain/Builds/MacOSX/build/release-assets/SideChainer-0.4.1-macOS-PRODUCTION-CANDIDATE-20261005/BuiltProducts/AURelease/SideChain.component/Contents/PkgInfo -expandbuildsettings -platform macosx -o /Users/martin/Documents/SideChain/SideChain/Builds/MacOSX/build/release-assets/SideChainer-0.4.1-macOS-PRODUCTION-CANDIDATE-20261005/BuiltProducts/AURelease/SideChain.component/Contents/Info.plist

** BUILD SUCCEEDED **

